[2m2026-07-28T14:33:55.357143Z[0m [32m INFO[0m [2mbevy_diagnostic::system_information_diagnostics_plugin::internal[0m[2m:[0m SystemInfo { os: "Linux (Fedora Linux 43)", kernel: "7.0.10-101.fc43.x86_64", cpu: "11th Gen Intel(R) Core(TM) i7-1185G7 @ 3.00GHz", core_count: "4", memory: "31.0 GiB" }
[2m2026-07-28T14:33:55.395158Z[0m [32m INFO[0m [2mbevy_render::renderer[0m[2m:[0m AdapterInfo { name: "Intel(R) Iris(R) Xe Graphics (TGL GT2)", vendor: 32902, device: 39497, device_type: IntegratedGpu, device_pci_bus_id: "0000:00:02.0", driver: "Intel open-source Mesa driver", driver_info: "Mesa 25.3.6", backend: Vulkan, subgroup_min_size: 8, subgroup_max_size: 32, transient_saves_memory: false }
[2m2026-07-28T14:33:55.490868Z[0m [32m INFO[0m [2mbevy_pbr::cluster[0m[2m:[0m GPU clustering is supported on this device.
[2m2026-07-28T14:33:55.490892Z[0m [32m INFO[0m [2mbevy_render::batching::gpu_preprocessing[0m[2m:[0m GPU preprocessing is fully supported on this device.
[2m2026-07-28T14:33:55.491259Z[0m [32m INFO[0m [2mbevy_winit::system[0m[2m:[0m Creating new window Galactic MVP (65v0)
[2m2026-07-28T14:33:55.493468Z[0m [32m INFO[0m [2mgalactic_client[0m[2m:[0m Galactic MVP client starting on Bevy 0.19
[2m2026-07-28T14:34:10.511965Z[0m [32m INFO[0m [2mgalactic_memory[0m[2m:[0m rss=279 MiB anon=167 MiB file=112 MiB shmem=0 MiB swap=0 MiB | entities=558 strategic=12 meshes=5 materials=14 images=18 font_atlas=8 MiB pending_events=0 missions=0 reports=0
[2m2026-07-28T14:34:25.513336Z[0m [32m INFO[0m [2mgalactic_memory[0m[2m:[0m rss=279 MiB anon=167 MiB file=112 MiB shmem=0 MiB swap=0 MiB | entities=558 strategic=12 meshes=5 materials=14 images=18 font_atlas=8 MiB pending_events=0 missions=0 reports=0
[2m2026-07-28T14:34:40.500468Z[0m [32m INFO[0m [2mgalactic_memory[0m[2m:[0m rss=279 MiB anon=167 MiB file=112 MiB shmem=0 MiB swap=0 MiB | entities=558 strategic=12 meshes=5 materials=14 images=18 font_atlas=8 MiB pending_events=0 missions=0 reports=0
[2m2026-07-28T14:34:55.500815Z[0m [32m INFO[0m [2mgalactic_memory[0m[2m:[0m rss=280 MiB anon=167 MiB file=112 MiB shmem=0 MiB swap=0 MiB | entities=558 strategic=12 meshes=5 materials=14 images=18 font_atlas=8 MiB pending_events=1 missions=0 reports=0
[2m2026-07-28T14:35:10.502775Z[0m [32m INFO[0m [2mgalactic_memory[0m[2m:[0m rss=280 MiB anon=168 MiB file=112 MiB shmem=0 MiB swap=0 MiB | entities=558 strategic=12 meshes=5 materials=14 images=18 font_atlas=8 MiB pending_events=1 missions=0 reports=0
[2m2026-07-28T14:35:25.501303Z[0m [32m INFO[0m [2mgalactic_memory[0m[2m:[0m rss=280 MiB anon=168 MiB file=112 MiB shmem=0 MiB swap=0 MiB | entities=558 strategic=12 meshes=5 materials=14 images=18 font_atlas=8 MiB pending_events=0 missions=0 reports=0
[2m2026-07-28T14:35:40.499448Z[0m [32m INFO[0m [2mgalactic_memory[0m[2m:[0m rss=294 MiB anon=182 MiB file=111 MiB shmem=0 MiB swap=0 MiB | entities=558 strategic=12 meshes=5 materials=14 images=26 font_atlas=16 MiB pending_events=0 missions=0 reports=0
[2m2026-07-28T14:35:55.503111Z[0m [32m INFO[0m [2mgalactic_memory[0m[2m:[0m rss=294 MiB anon=182 MiB file=111 MiB shmem=0 MiB swap=0 MiB | entities=558 strategic=12 meshes=5 materials=14 images=26 font_atlas=16 MiB pending_events=0 missions=0 reports=0
[2m2026-07-28T14:36:10.504107Z[0m [32m INFO[0m [2mgalactic_memory[0m[2m:[0m rss=294 MiB anon=182 MiB file=112 MiB shmem=0 MiB swap=0 MiB | entities=558 strategic=12 meshes=5 materials=14 images=26 font_atlas=16 MiB pending_events=0 missions=0 reports=0
[2m2026-07-28T14:36:25.506042Z[0m [32m INFO[0m [2mgalactic_memory[0m[2m:[0m rss=294 MiB anon=182 MiB file=111 MiB shmem=0 MiB swap=0 MiB | entities=558 strategic=12 meshes=5 materials=14 images=26 font_atlas=16 MiB pending_events=0 missions=0 reports=0
[2m2026-07-28T14:36:40.507744Z[0m [32m INFO[0m [2mgalactic_memory[0m[2m:[0m rss=295 MiB anon=182 MiB file=112 MiB shmem=0 MiB swap=0 MiB | entities=558 strategic=12 meshes=5 materials=14 images=26 font_atlas=16 MiB pending_events=1 missions=0 reports=0
[2m2026-07-28T14:36:55.509146Z[0m [32m INFO[0m [2mgalactic_memory[0m[2m:[0m rss=297 MiB anon=184 MiB file=112 MiB shmem=0 MiB swap=0 MiB | entities=558 strategic=12 meshes=5 materials=14 images=26 font_atlas=16 MiB pending_events=0 missions=0 reports=0
[2m2026-07-28T14:37:10.508120Z[0m [32m INFO[0m [2mgalactic_memory[0m[2m:[0m rss=298 MiB anon=186 MiB file=111 MiB shmem=0 MiB swap=0 MiB | entities=562 strategic=16 meshes=5 materials=14 images=27 font_atlas=17 MiB pending_events=0 missions=0 reports=0
[2m2026-07-28T14:37:25.510191Z[0m [32m INFO[0m [2mgalactic_memory[0m[2m:[0m rss=298 MiB anon=186 MiB file=111 MiB shmem=0 MiB swap=0 MiB | entities=562 strategic=16 meshes=5 materials=14 images=27 font_atlas=17 MiB pending_events=0 missions=0 reports=0
[2m2026-07-28T14:37:40.513510Z[0m [32m INFO[0m [2mgalactic_memory[0m[2m:[0m rss=298 MiB anon=186 MiB file=112 MiB shmem=0 MiB swap=0 MiB | entities=562 strategic=16 meshes=5 materials=14 images=27 font_atlas=17 MiB pending_events=0 missions=0 reports=0
[2m2026-07-28T14:37:55.514562Z[0m [32m INFO[0m [2mgalactic_memory[0m[2m:[0m rss=298 MiB anon=186 MiB file=112 MiB shmem=0 MiB swap=0 MiB | entities=562 strategic=16 meshes=5 materials=14 images=27 font_atlas=17 MiB pending_events=0 missions=0 reports=0
[2m2026-07-28T14:38:10.499391Z[0m [32m INFO[0m [2mgalactic_memory[0m[2m:[0m rss=298 MiB anon=186 MiB file=112 MiB shmem=0 MiB swap=0 MiB | entities=562 strategic=16 meshes=5 materials=14 images=27 font_atlas=17 MiB pending_events=0 missions=0 reports=0
[2m2026-07-28T14:38:25.502267Z[0m [32m INFO[0m [2mgalactic_memory[0m[2m:[0m rss=298 MiB anon=186 MiB file=112 MiB shmem=0 MiB swap=0 MiB | entities=562 strategic=16 meshes=5 materials=14 images=27 font_atlas=17 MiB pending_events=0 missions=0 reports=0
[2m2026-07-28T14:38:40.503220Z[0m [32m INFO[0m [2mgalactic_memory[0m[2m:[0m rss=300 MiB anon=187 MiB file=112 MiB shmem=0 MiB swap=0 MiB | entities=558 strategic=12 meshes=5 materials=14 images=27 font_atlas=17 MiB pending_events=0 missions=0 reports=0
[2m2026-07-28T14:38:55.503567Z[0m [32m INFO[0m [2mgalactic_memory[0m[2m:[0m rss=300 MiB anon=187 MiB file=112 MiB shmem=0 MiB swap=0 MiB | entities=562 strategic=16 meshes=5 materials=14 images=27 font_atlas=17 MiB pending_events=0 missions=0 reports=0
[2m2026-07-28T14:39:10.506261Z[0m [32m INFO[0m [2mgalactic_memory[0m[2m:[0m rss=300 MiB anon=188 MiB file=112 MiB shmem=0 MiB swap=0 MiB | entities=562 strategic=16 meshes=5 materials=14 images=27 font_atlas=17 MiB pending_events=0 missions=0 reports=0
[2m2026-07-28T14:39:25.508175Z[0m [32m INFO[0m [2mgalactic_memory[0m[2m:[0m rss=300 MiB anon=188 MiB file=112 MiB shmem=0 MiB swap=0 MiB | entities=562 strategic=16 meshes=5 materials=14 images=27 font_atlas=17 MiB pending_events=0 missions=0 reports=0
[2m2026-07-28T14:39:40.510124Z[0m [32m INFO[0m [2mgalactic_memory[0m[2m:[0m rss=300 MiB anon=188 MiB file=112 MiB shmem=0 MiB swap=0 MiB | entities=562 strategic=16 meshes=5 materials=14 images=27 font_atlas=17 MiB pending_events=0 missions=0 reports=0
[2m2026-07-28T14:39:55.509720Z[0m [32m INFO[0m [2mgalactic_memory[0m[2m:[0m rss=300 MiB anon=188 MiB file=112 MiB shmem=0 MiB swap=0 MiB | entities=562 strategic=16 meshes=5 materials=14 images=27 font_atlas=17 MiB pending_events=0 missions=0 reports=0
[2m2026-07-28T14:40:10.512602Z[0m [32m INFO[0m [2mgalactic_memory[0m[2m:[0m rss=300 MiB anon=188 MiB file=112 MiB shmem=0 MiB swap=0 MiB | entities=562 strategic=16 meshes=5 materials=14 images=27 font_atlas=17 MiB pending_events=0 missions=0 reports=0
[2m2026-07-28T14:40:25.513387Z[0m [32m INFO[0m [2mgalactic_memory[0m[2m:[0m rss=300 MiB anon=188 MiB file=112 MiB shmem=0 MiB swap=0 MiB | entities=562 strategic=16 meshes=5 materials=14 images=27 font_atlas=17 MiB pending_events=0 missions=0 reports=0
[2m2026-07-28T14:40:40.515100Z[0m [32m INFO[0m [2mgalactic_memory[0m[2m:[0m rss=300 MiB anon=188 MiB file=112 MiB shmem=0 MiB swap=0 MiB | entities=562 strategic=16 meshes=5 materials=14 images=27 font_atlas=17 MiB pending_events=1 missions=0 reports=0
[2m2026-07-28T14:40:55.501282Z[0m [32m INFO[0m [2mgalactic_memory[0m[2m:[0m rss=306 MiB anon=194 MiB file=111 MiB shmem=0 MiB swap=0 MiB | entities=562 strategic=16 meshes=5 materials=14 images=29 font_atlas=19 MiB pending_events=0 missions=0 reports=0
[2m2026-07-28T14:41:10.510489Z[0m [32m INFO[0m [2mgalactic_memory[0m[2m:[0m rss=306 MiB anon=194 MiB file=111 MiB shmem=0 MiB swap=0 MiB | entities=562 strategic=16 meshes=5 materials=14 images=29 font_atlas=19 MiB pending_events=0 missions=0 reports=0
[2m2026-07-28T14:41:25.509879Z[0m [32m INFO[0m [2mgalactic_memory[0m[2m:[0m rss=307 MiB anon=195 MiB file=111 MiB shmem=0 MiB swap=0 MiB | entities=571 strategic=25 meshes=5 materials=14 images=29 font_atlas=19 MiB pending_events=0 missions=1 reports=1
[2m2026-07-28T14:41:40.512930Z[0m [32m INFO[0m [2mgalactic_memory[0m[2m:[0m rss=307 MiB anon=195 MiB file=111 MiB shmem=0 MiB swap=0 MiB | entities=555 strategic=9 meshes=5 materials=14 images=29 font_atlas=19 MiB pending_events=0 missions=1 reports=1
[2m2026-07-28T14:41:55.513730Z[0m [32m INFO[0m [2mgalactic_memory[0m[2m:[0m rss=307 MiB anon=195 MiB file=111 MiB shmem=0 MiB swap=0 MiB | entities=571 strategic=25 meshes=5 materials=14 images=29 font_atlas=19 MiB pending_events=0 missions=1 reports=1
[2m2026-07-28T14:42:10.512180Z[0m [32m INFO[0m [2mgalactic_memory[0m[2m:[0m rss=307 MiB anon=195 MiB file=111 MiB shmem=0 MiB swap=0 MiB | entities=575 strategic=29 meshes=5 materials=14 images=29 font_atlas=19 MiB pending_events=1 missions=2 reports=1
[2m2026-07-28T14:42:25.499824Z[0m [32m INFO[0m [2mgalactic_memory[0m[2m:[0m rss=307 MiB anon=195 MiB file=111 MiB shmem=0 MiB swap=0 MiB | entities=575 strategic=29 meshes=5 materials=14 images=29 font_atlas=19 MiB pending_events=0 missions=2 reports=2
[2m2026-07-28T14:42:40.501068Z[0m [32m INFO[0m [2mgalactic_memory[0m[2m:[0m rss=307 MiB anon=195 MiB file=111 MiB shmem=0 MiB swap=0 MiB | entities=575 strategic=29 meshes=5 materials=14 images=29 font_atlas=19 MiB pending_events=0 missions=3 reports=2
[2m2026-07-28T14:42:55.511125Z[0m [32m INFO[0m [2mgalactic_memory[0m[2m:[0m rss=307 MiB anon=195 MiB file=111 MiB shmem=0 MiB swap=0 MiB | entities=575 strategic=29 meshes=5 materials=14 images=29 font_atlas=19 MiB pending_events=0 missions=3 reports=2
[2m2026-07-28T14:43:10.513861Z[0m [32m INFO[0m [2mgalactic_memory[0m[2m:[0m rss=307 MiB anon=195 MiB file=111 MiB shmem=0 MiB swap=0 MiB | entities=564 strategic=18 meshes=5 materials=14 images=29 font_atlas=19 MiB pending_events=0 missions=3 reports=2
[2m2026-07-28T14:43:25.502492Z[0m [32m INFO[0m [2mgalactic_memory[0m[2m:[0m rss=307 MiB anon=195 MiB file=111 MiB shmem=0 MiB swap=0 MiB | entities=578 strategic=32 meshes=5 materials=14 images=29 font_atlas=19 MiB pending_events=0 missions=3 reports=2
[2m2026-07-28T14:43:40.504322Z[0m [32m INFO[0m [2mgalactic_memory[0m[2m:[0m rss=307 MiB anon=195 MiB file=111 MiB shmem=0 MiB swap=0 MiB | entities=578 strategic=32 meshes=5 materials=14 images=29 font_atlas=19 MiB pending_events=0 missions=4 reports=3
[2m2026-07-28T14:43:55.503919Z[0m [32m INFO[0m [2mgalactic_memory[0m[2m:[0m rss=307 MiB anon=195 MiB file=111 MiB shmem=0 MiB swap=0 MiB | entities=578 strategic=32 meshes=5 materials=14 images=29 font_atlas=19 MiB pending_events=0 missions=4 reports=3
[2m2026-07-28T14:44:10.500148Z[0m [32m INFO[0m [2mgalactic_memory[0m[2m:[0m rss=307 MiB anon=195 MiB file=111 MiB shmem=0 MiB swap=0 MiB | entities=578 strategic=32 meshes=5 materials=14 images=29 font_atlas=19 MiB pending_events=0 missions=4 reports=3
[2m2026-07-28T14:44:25.506141Z[0m [32m INFO[0m [2mgalactic_memory[0m[2m:[0m rss=307 MiB anon=195 MiB file=111 MiB shmem=0 MiB swap=0 MiB | entities=587 strategic=41 meshes=5 materials=14 images=29 font_atlas=19 MiB pending_events=0 missions=4 reports=3
[2m2026-07-28T14:44:40.508432Z[0m [32m INFO[0m [2mgalactic_memory[0m[2m:[0m rss=307 MiB anon=195 MiB file=111 MiB shmem=0 MiB swap=0 MiB | entities=587 strategic=41 meshes=5 materials=14 images=29 font_atlas=19 MiB pending_events=0 missions=4 reports=3
[2m2026-07-28T14:44:55.507931Z[0m [32m INFO[0m [2mgalactic_memory[0m[2m:[0m rss=307 MiB anon=195 MiB file=111 MiB shmem=0 MiB swap=0 MiB | entities=587 strategic=41 meshes=5 materials=14 images=29 font_atlas=19 MiB pending_events=0 missions=4 reports=4
[2m2026-07-28T14:45:10.509381Z[0m [32m INFO[0m [2mgalactic_memory[0m[2m:[0m rss=307 MiB anon=195 MiB file=112 MiB shmem=0 MiB swap=0 MiB | entities=587 strategic=41 meshes=5 materials=14 images=29 font_atlas=19 MiB pending_events=0 missions=4 reports=4
[2m2026-07-28T14:45:25.510009Z[0m [32m INFO[0m [2mgalactic_memory[0m[2m:[0m rss=307 MiB anon=195 MiB file=112 MiB shmem=0 MiB swap=0 MiB | entities=740 strategic=194 meshes=5 materials=14 images=29 font_atlas=19 MiB pending_events=0 missions=4 reports=4
[2m2026-07-28T14:45:40.512177Z[0m [32m INFO[0m [2mgalactic_memory[0m[2m:[0m rss=308 MiB anon=195 MiB file=112 MiB shmem=0 MiB swap=0 MiB | entities=740 strategic=194 meshes=5 materials=14 images=29 font_atlas=19 MiB pending_events=0 missions=4 reports=4
[2m2026-07-28T14:45:55.512002Z[0m [32m INFO[0m [2mgalactic_memory[0m[2m:[0m rss=308 MiB anon=196 MiB file=112 MiB shmem=0 MiB swap=0 MiB | entities=740 strategic=194 meshes=5 materials=14 images=29 font_atlas=19 MiB pending_events=0 missions=4 reports=4
[2m2026-07-28T14:46:10.514503Z[0m [32m INFO[0m [2mgalactic_memory[0m[2m:[0m rss=308 MiB anon=196 MiB file=112 MiB shmem=0 MiB swap=0 MiB | entities=740 strategic=194 meshes=5 materials=14 images=29 font_atlas=19 MiB pending_events=0 missions=4 reports=4
[2m2026-07-28T14:46:25.513871Z[0m [32m INFO[0m [2mgalactic_memory[0m[2m:[0m rss=308 MiB anon=196 MiB file=112 MiB shmem=0 MiB swap=0 MiB | entities=740 strategic=194 meshes=5 materials=14 images=29 font_atlas=19 MiB pending_events=0 missions=4 reports=4
[2m2026-07-28T14:46:40.513181Z[0m [32m INFO[0m [2mgalactic_memory[0m[2m:[0m rss=308 MiB anon=196 MiB file=112 MiB shmem=0 MiB swap=0 MiB | entities=740 strategic=194 meshes=5 materials=14 images=29 font_atlas=19 MiB pending_events=0 missions=4 reports=4
[2m2026-07-28T14:46:55.498702Z[0m [32m INFO[0m [2mgalactic_memory[0m[2m:[0m rss=308 MiB anon=196 MiB file=112 MiB shmem=0 MiB swap=0 MiB | entities=740 strategic=194 meshes=5 materials=14 images=29 font_atlas=19 MiB pending_events=0 missions=4 reports=4
[2m2026-07-28T14:47:10.513026Z[0m [32m INFO[0m [2mgalactic_memory[0m[2m:[0m rss=308 MiB anon=196 MiB file=112 MiB shmem=0 MiB swap=0 MiB | entities=740 strategic=194 meshes=5 materials=14 images=29 font_atlas=19 MiB pending_events=0 missions=4 reports=4
[2m2026-07-28T14:47:25.505136Z[0m [32m INFO[0m [2mgalactic_memory[0m[2m:[0m rss=309 MiB anon=197 MiB file=111 MiB shmem=0 MiB swap=0 MiB | entities=740 strategic=194 meshes=5 materials=14 images=30 font_atlas=20 MiB pending_events=0 missions=4 reports=4
[2m2026-07-28T14:47:40.507568Z[0m [32m INFO[0m [2mgalactic_memory[0m[2m:[0m rss=309 MiB anon=197 MiB file=111 MiB shmem=0 MiB swap=0 MiB | entities=740 strategic=194 meshes=5 materials=14 images=30 font_atlas=20 MiB pending_events=0 missions=4 reports=4
[2m2026-07-28T14:47:55.509658Z[0m [32m INFO[0m [2mgalactic_memory[0m[2m:[0m rss=309 MiB anon=197 MiB file=111 MiB shmem=0 MiB swap=0 MiB | entities=740 strategic=194 meshes=5 materials=14 images=30 font_atlas=20 MiB pending_events=0 missions=4 reports=4
[2m2026-07-28T14:48:10.510800Z[0m [32m INFO[0m [2mgalactic_memory[0m[2m:[0m rss=309 MiB anon=197 MiB file=111 MiB shmem=0 MiB swap=0 MiB | entities=740 strategic=194 meshes=5 materials=14 images=30 font_atlas=20 MiB pending_events=0 missions=4 reports=4
[2m2026-07-28T14:48:25.512639Z[0m [32m INFO[0m [2mgalactic_memory[0m[2m:[0m rss=309 MiB anon=197 MiB file=111 MiB shmem=0 MiB swap=0 MiB | entities=740 strategic=194 meshes=5 materials=14 images=30 font_atlas=20 MiB pending_events=0 missions=4 reports=4
[2m2026-07-28T14:48:40.512722Z[0m [32m INFO[0m [2mgalactic_memory[0m[2m:[0m rss=309 MiB anon=197 MiB file=111 MiB shmem=0 MiB swap=0 MiB | entities=740 strategic=194 meshes=5 materials=14 images=30 font_atlas=20 MiB pending_events=0 missions=4 reports=4
[2m2026-07-28T14:48:55.499242Z[0m [32m INFO[0m [2mgalactic_memory[0m[2m:[0m rss=309 MiB anon=197 MiB file=111 MiB shmem=0 MiB swap=0 MiB | entities=740 strategic=194 meshes=5 materials=14 images=30 font_atlas=20 MiB pending_events=0 missions=4 reports=4
[2m2026-07-28T14:49:10.515645Z[0m [32m INFO[0m [2mgalactic_memory[0m[2m:[0m rss=309 MiB anon=197 MiB file=111 MiB shmem=0 MiB swap=0 MiB | entities=740 strategic=194 meshes=5 materials=14 images=30 font_atlas=20 MiB pending_events=0 missions=4 reports=4
[2m2026-07-28T14:49:25.501031Z[0m [32m INFO[0m [2mgalactic_memory[0m[2m:[0m rss=309 MiB anon=197 MiB file=111 MiB shmem=0 MiB swap=0 MiB | entities=740 strategic=194 meshes=5 materials=14 images=30 font_atlas=20 MiB pending_events=0 missions=4 reports=4
[2m2026-07-28T14:49:40.503103Z[0m [32m INFO[0m [2mgalactic_memory[0m[2m:[0m rss=309 MiB anon=197 MiB file=111 MiB shmem=0 MiB swap=0 MiB | entities=740 strategic=194 meshes=5 materials=14 images=30 font_atlas=20 MiB pending_events=0 missions=4 reports=4
[2m2026-07-28T14:49:55.505770Z[0m [32m INFO[0m [2mgalactic_memory[0m[2m:[0m rss=309 MiB anon=197 MiB file=111 MiB shmem=0 MiB swap=0 MiB | entities=740 strategic=194 meshes=5 materials=14 images=30 font_atlas=20 MiB pending_events=0 missions=4 reports=4
[2m2026-07-28T14:50:10.506980Z[0m [32m INFO[0m [2mgalactic_memory[0m[2m:[0m rss=309 MiB anon=197 MiB file=111 MiB shmem=0 MiB swap=0 MiB | entities=740 strategic=194 meshes=5 materials=14 images=30 font_atlas=20 MiB pending_events=0 missions=4 reports=4
[2m2026-07-28T14:50:25.507133Z[0m [32m INFO[0m [2mgalactic_memory[0m[2m:[0m rss=309 MiB anon=197 MiB file=111 MiB shmem=0 MiB swap=0 MiB | entities=740 strategic=194 meshes=5 materials=14 images=30 font_atlas=20 MiB pending_events=0 missions=4 reports=4
[2m2026-07-28T14:50:40.510402Z[0m [32m INFO[0m [2mgalactic_memory[0m[2m:[0m rss=309 MiB anon=197 MiB file=111 MiB shmem=0 MiB swap=0 MiB | entities=740 strategic=194 meshes=5 materials=14 images=30 font_atlas=20 MiB pending_events=0 missions=4 reports=4
[2m2026-07-28T14:50:55.508692Z[0m [32m INFO[0m [2mgalactic_memory[0m[2m:[0m rss=309 MiB anon=197 MiB file=111 MiB shmem=0 MiB swap=0 MiB | entities=740 strategic=194 meshes=5 materials=14 images=30 font_atlas=20 MiB pending_events=0 missions=4 reports=4
[2m2026-07-28T14:51:10.512434Z[0m [32m INFO[0m [2mgalactic_memory[0m[2m:[0m rss=309 MiB anon=197 MiB file=111 MiB shmem=0 MiB swap=0 MiB | entities=740 strategic=194 meshes=5 materials=14 images=30 font_atlas=20 MiB pending_events=0 missions=4 reports=4
[2m2026-07-28T14:51:25.514921Z[0m [32m INFO[0m [2mgalactic_memory[0m[2m:[0m rss=309 MiB anon=197 MiB file=111 MiB shmem=0 MiB swap=0 MiB | entities=740 strategic=194 meshes=5 materials=14 images=30 font_atlas=20 MiB pending_events=0 missions=4 reports=4
[2m2026-07-28T14:51:40.499175Z[0m [32m INFO[0m [2mgalactic_memory[0m[2m:[0m rss=309 MiB anon=197 MiB file=111 MiB shmem=0 MiB swap=0 MiB | entities=740 strategic=194 meshes=5 materials=14 images=30 font_atlas=20 MiB pending_events=0 missions=4 reports=4
[2m2026-07-28T14:51:55.500960Z[0m [32m INFO[0m [2mgalactic_memory[0m[2m:[0m rss=309 MiB anon=197 MiB file=111 MiB shmem=0 MiB swap=0 MiB | entities=740 strategic=194 meshes=5 materials=14 images=30 font_atlas=20 MiB pending_events=0 missions=4 reports=4
[2m2026-07-28T14:52:10.503371Z[0m [32m INFO[0m [2mgalactic_memory[0m[2m:[0m rss=312 MiB anon=200 MiB file=111 MiB shmem=0 MiB swap=0 MiB | entities=740 strategic=194 meshes=5 materials=14 images=30 font_atlas=20 MiB pending_events=0 missions=4 reports=4
[2m2026-07-28T14:52:25.502244Z[0m [32m INFO[0m [2mgalactic_memory[0m[2m:[0m rss=312 MiB anon=200 MiB file=111 MiB shmem=0 MiB swap=0 MiB | entities=740 strategic=194 meshes=5 materials=14 images=30 font_atlas=20 MiB pending_events=0 missions=4 reports=4
[2m2026-07-28T14:52:40.504940Z[0m [32m INFO[0m [2mgalactic_memory[0m[2m:[0m rss=312 MiB anon=200 MiB file=111 MiB shmem=0 MiB swap=0 MiB | entities=740 strategic=194 meshes=5 materials=14 images=30 font_atlas=20 MiB pending_events=0 missions=4 reports=4
[2m2026-07-28T14:52:55.506416Z[0m [32m INFO[0m [2mgalactic_memory[0m[2m:[0m rss=312 MiB anon=200 MiB file=111 MiB shmem=0 MiB swap=0 MiB | entities=740 strategic=194 meshes=5 materials=14 images=30 font_atlas=20 MiB pending_events=0 missions=4 reports=4
[2m2026-07-28T14:53:10.509302Z[0m [32m INFO[0m [2mgalactic_memory[0m[2m:[0m rss=312 MiB anon=200 MiB file=111 MiB shmem=0 MiB swap=0 MiB | entities=740 strategic=194 meshes=5 materials=14 images=30 font_atlas=20 MiB pending_events=0 missions=4 reports=4
[2m2026-07-28T14:53:25.508690Z[0m [32m INFO[0m [2mgalactic_memory[0m[2m:[0m rss=312 MiB anon=200 MiB file=111 MiB shmem=0 MiB swap=0 MiB | entities=740 strategic=194 meshes=5 materials=14 images=30 font_atlas=20 MiB pending_events=0 missions=4 reports=4
[2m2026-07-28T14:53:40.509868Z[0m [32m INFO[0m [2mgalactic_memory[0m[2m:[0m rss=312 MiB anon=200 MiB file=111 MiB shmem=0 MiB swap=0 MiB | entities=740 strategic=194 meshes=5 materials=14 images=30 font_atlas=20 MiB pending_events=0 missions=4 reports=4
[2m2026-07-28T14:53:53.598198Z[0m [32m INFO[0m [2mbevy_window::system[0m[2m:[0m No windows are open, exiting
[2m2026-07-28T14:53:53.598223Z[0m [32m INFO[0m [2mbevy_winit::system[0m[2m:[0m Closing window 65v0
