Running as unit: run-p633958-i636378.scope; invocation ID: 57b40926b0904303b65ba0ba698bf06c
[2m2026-07-28T13:49:56.980964Z[0m [32m INFO[0m [2mbevy_diagnostic::system_information_diagnostics_plugin::internal[0m[2m:[0m SystemInfo { os: "Linux (Fedora Linux 43)", kernel: "7.0.10-101.fc43.x86_64", cpu: "11th Gen Intel(R) Core(TM) i7-1185G7 @ 3.00GHz", core_count: "4", memory: "31.0 GiB" }
[2m2026-07-28T13:49:57.031163Z[0m [32m INFO[0m [2mbevy_render::renderer[0m[2m:[0m AdapterInfo { name: "Intel(R) Iris(R) Xe Graphics (TGL GT2)", vendor: 32902, device: 39497, device_type: IntegratedGpu, device_pci_bus_id: "0000:00:02.0", driver: "Intel open-source Mesa driver", driver_info: "Mesa 25.3.6", backend: Vulkan, subgroup_min_size: 8, subgroup_max_size: 32, transient_saves_memory: false }
[2m2026-07-28T13:49:57.127746Z[0m [32m INFO[0m [2mbevy_pbr::cluster[0m[2m:[0m GPU clustering is supported on this device.
[2m2026-07-28T13:49:57.127773Z[0m [32m INFO[0m [2mbevy_render::batching::gpu_preprocessing[0m[2m:[0m GPU preprocessing is fully supported on this device.
[2m2026-07-28T13:49:57.128185Z[0m [32m INFO[0m [2mbevy_winit::system[0m[2m:[0m Creating new window Galactic MVP (65v0)
[2m2026-07-28T13:49:57.130281Z[0m [32m INFO[0m [2mgalactic_client[0m[2m:[0m Galactic MVP client starting on Bevy 0.19
[2m2026-07-28T13:50:12.369310Z[0m [32m INFO[0m [2mgalactic_memory[0m[2m:[0m rss=412 MiB anon=299 MiB file=113 MiB shmem=0 MiB swap=0 MiB | entities=558 strategic=12 meshes=5 materials=14 images=147 pending_events=0 missions=0 reports=0
[2m2026-07-28T13:50:27.370807Z[0m [32m INFO[0m [2mgalactic_memory[0m[2m:[0m rss=1133 MiB anon=1020 MiB file=113 MiB shmem=0 MiB swap=74 MiB | entities=558 strategic=12 meshes=5 materials=14 images=936 pending_events=0 missions=0 reports=0
[2m2026-07-28T13:50:42.363218Z[0m [32m INFO[0m [2mgalactic_memory[0m[2m:[0m rss=2043 MiB anon=1929 MiB file=113 MiB shmem=0 MiB swap=73 MiB | entities=558 strategic=12 meshes=5 materials=14 images=1834 pending_events=0 missions=0 reports=0
[2m2026-07-28T13:50:57.364684Z[0m [32m INFO[0m [2mgalactic_memory[0m[2m:[0m rss=2894 MiB anon=2790 MiB file=104 MiB shmem=0 MiB swap=120 MiB | entities=558 strategic=12 meshes=5 materials=14 images=2731 pending_events=0 missions=0 reports=0
[2m2026-07-28T13:51:12.365356Z[0m [32m INFO[0m [2mgalactic_memory[0m[2m:[0m rss=3360 MiB anon=3255 MiB file=104 MiB shmem=0 MiB swap=121 MiB | entities=558 strategic=12 meshes=5 materials=14 images=3194 pending_events=0 missions=0 reports=0
[2m2026-07-28T13:51:27.365788Z[0m [32m INFO[0m [2mgalactic_memory[0m[2m:[0m rss=4252 MiB anon=4154 MiB file=97 MiB shmem=1 MiB swap=118 MiB | entities=558 strategic=12 meshes=5 materials=14 images=4081 pending_events=0 missions=0 reports=0
[2m2026-07-28T13:51:42.362846Z[0m [32m INFO[0m [2mgalactic_memory[0m[2m:[0m rss=5098 MiB anon=5000 MiB file=97 MiB shmem=1 MiB swap=118 MiB | entities=558 strategic=12 meshes=5 materials=14 images=4917 pending_events=0 missions=0 reports=0
[2m2026-07-28T13:51:57.371466Z[0m [32m INFO[0m [2mgalactic_memory[0m[2m:[0m rss=5989 MiB anon=5890 MiB file=97 MiB shmem=1 MiB swap=118 MiB | entities=558 strategic=12 meshes=5 materials=14 images=5798 pending_events=0 missions=0 reports=0
[2m2026-07-28T13:52:12.373442Z[0m [32m INFO[0m [2mgalactic_memory[0m[2m:[0m rss=6789 MiB anon=6691 MiB file=97 MiB shmem=1 MiB swap=116 MiB | entities=558 strategic=12 meshes=5 materials=14 images=6588 pending_events=0 missions=0 reports=0
[2m2026-07-28T13:52:27.386794Z[0m [32m INFO[0m [2mgalactic_memory[0m[2m:[0m rss=6789 MiB anon=6691 MiB file=97 MiB shmem=1 MiB swap=116 MiB | entities=558 strategic=12 meshes=5 materials=14 images=6588 pending_events=0 missions=0 reports=0
[2m2026-07-28T13:52:42.358142Z[0m [32m INFO[0m [2mgalactic_memory[0m[2m:[0m rss=6791 MiB anon=6692 MiB file=97 MiB shmem=1 MiB swap=116 MiB | entities=558 strategic=12 meshes=5 materials=14 images=6589 pending_events=0 missions=0 reports=0
[2m2026-07-28T13:52:57.374093Z[0m [32m INFO[0m [2mgalactic_memory[0m[2m:[0m rss=7212 MiB anon=7114 MiB file=97 MiB shmem=1 MiB swap=116 MiB | entities=558 strategic=12 meshes=5 materials=14 images=7007 pending_events=0 missions=0 reports=0
[2m2026-07-28T13:53:12.362242Z[0m [32m INFO[0m [2mgalactic_memory[0m[2m:[0m rss=8095 MiB anon=7997 MiB file=97 MiB shmem=1 MiB swap=136 MiB | entities=558 strategic=12 meshes=5 materials=14 images=7897 pending_events=0 missions=0 reports=0
[2m2026-07-28T13:53:27.413816Z[0m [32m INFO[0m [2mgalactic_memory[0m[2m:[0m rss=7622 MiB anon=7523 MiB file=97 MiB shmem=1 MiB swap=788 MiB | entities=558 strategic=12 meshes=5 materials=14 images=8073 pending_events=1 missions=0 reports=0
[2m2026-07-28T13:53:42.628970Z[0m [32m INFO[0m [2mgalactic_memory[0m[2m:[0m rss=7622 MiB anon=7523 MiB file=97 MiB shmem=1 MiB swap=788 MiB | entities=558 strategic=12 meshes=5 materials=14 images=8073 pending_events=0 missions=0 reports=0
[2m2026-07-28T13:53:57.613999Z[0m [32m INFO[0m [2mgalactic_memory[0m[2m:[0m rss=7789 MiB anon=7689 MiB file=97 MiB shmem=2 MiB swap=788 MiB | entities=558 strategic=12 meshes=5 materials=14 images=8237 pending_events=0 missions=0 reports=0
[2m2026-07-28T13:54:12.608800Z[0m [32m INFO[0m [2mgalactic_memory[0m[2m:[0m rss=8502 MiB anon=8407 MiB file=92 MiB shmem=2 MiB swap=935 MiB | entities=558 strategic=12 meshes=5 materials=14 images=9094 pending_events=0 missions=0 reports=0
[2m2026-07-28T13:54:27.629249Z[0m [32m INFO[0m [2mgalactic_memory[0m[2m:[0m rss=8476 MiB anon=8452 MiB file=21 MiB shmem=2 MiB swap=940 MiB | entities=558 strategic=12 meshes=5 materials=14 images=9142 pending_events=0 missions=0 reports=0
[2m2026-07-28T13:54:42.599478Z[0m [32m INFO[0m [2mgalactic_memory[0m[2m:[0m rss=8461 MiB anon=8433 MiB file=26 MiB shmem=1 MiB swap=969 MiB | entities=558 strategic=12 meshes=5 materials=14 images=9146 pending_events=0 missions=0 reports=0
[2m2026-07-28T13:54:57.606550Z[0m [32m INFO[0m [2mgalactic_memory[0m[2m:[0m rss=8463 MiB anon=8436 MiB file=26 MiB shmem=1 MiB swap=969 MiB | entities=558 strategic=12 meshes=5 materials=14 images=9146 pending_events=0 missions=0 reports=0
[2m2026-07-28T13:55:12.619398Z[0m [32m INFO[0m [2mgalactic_memory[0m[2m:[0m rss=8463 MiB anon=8436 MiB file=26 MiB shmem=1 MiB swap=969 MiB | entities=558 strategic=12 meshes=5 materials=14 images=9146 pending_events=0 missions=0 reports=0
[2m2026-07-28T13:55:27.601747Z[0m [32m INFO[0m [2mgalactic_memory[0m[2m:[0m rss=8727 MiB anon=8703 MiB file=22 MiB shmem=1 MiB swap=969 MiB | entities=558 strategic=12 meshes=5 materials=14 images=9416 pending_events=0 missions=0 reports=0
[2m2026-07-28T13:55:42.611525Z[0m [32m INFO[0m [2mgalactic_memory[0m[2m:[0m rss=8764 MiB anon=8745 MiB file=17 MiB shmem=1 MiB swap=969 MiB | entities=558 strategic=12 meshes=5 materials=14 images=9458 pending_events=0 missions=0 reports=0
[2m2026-07-28T13:55:57.732274Z[0m [32m INFO[0m [2mgalactic_memory[0m[2m:[0m rss=8763 MiB anon=8745 MiB file=16 MiB shmem=1 MiB swap=969 MiB | entities=558 strategic=12 meshes=5 materials=14 images=9458 pending_events=0 missions=0 reports=0
[2m2026-07-28T13:56:12.716605Z[0m [32m INFO[0m [2mgalactic_memory[0m[2m:[0m rss=8766 MiB anon=8746 MiB file=18 MiB shmem=1 MiB swap=969 MiB | entities=558 strategic=12 meshes=5 materials=14 images=9458 pending_events=0 missions=0 reports=0
[2m2026-07-28T13:56:27.717647Z[0m [32m INFO[0m [2mgalactic_memory[0m[2m:[0m rss=8776 MiB anon=8752 MiB file=22 MiB shmem=1 MiB swap=968 MiB | entities=562 strategic=16 meshes=5 materials=14 images=9465 pending_events=0 missions=0 reports=0
[2m2026-07-28T13:56:42.713535Z[0m [32m INFO[0m [2mgalactic_memory[0m[2m:[0m rss=8875 MiB anon=8853 MiB file=20 MiB shmem=1 MiB swap=972 MiB | entities=571 strategic=25 meshes=5 materials=14 images=9569 pending_events=0 missions=2 reports=1
[2m2026-07-28T13:57:51.885343Z[0m [32m INFO[0m [2mbevy_window::system[0m[2m:[0m No windows are open, exiting
[2m2026-07-28T13:57:51.929737Z[0m [32m INFO[0m [2mbevy_winit::system[0m[2m:[0m Closing window 65v0
